ets Jun  8 2016 00:22:57

rst:0x1 (POWERON_RESET),boot:0x13 (SPI_FAST_FLASH_BOOT)
configsip: 0, SPIWP:0xee
clk_drv:0x00,q_drv:0x00,d_drv:0x00,cs0_drv:0x00,hd_drv:0x00,wp_drv:0x00
mode:DIO, clock div:2
load:0x3fff0030,len:4
load:0x3fff0034,len:7100
load:0x40078000,len:13212
ho 0 tail 12 room 4
load:0x40080400,len:4568
0x40080400: _init at ??:?

entry 0x400806f4
I (30) boot: ESP-IDF v4.2-dirty 2nd stage bootloader
I (31) boot: compile time 10:42:57
I (31) boot: chip revision: 1
I (34) boot_comm: chip revision: 1, min. bootloader chip revision: 0
I (41) boot.esp32: SPI Speed      : 40MHz
I (45) boot.esp32: SPI Mode       : DIO
I (50) boot.esp32: SPI Flash Size : 4MB
I (55) boot: Enabling RNG early entropy source...
I (60) boot: Partition Table:
I (63) boot: ## Label            Usage          Type ST Offset   Length
I (71) boot:  0 nvs              WiFi data        01 02 00009000 00006000z
I (78) boot:  1 phy_init         RF data          01 01 0000f000 00001000
I (86) boot:  2 factory          factory app      00 00 00010000 00100000
I (93) boot: End of partition table
I (97) boot_comm: chip revision: 1, min. application chip revision: 0
I (104) esp_image: segment 0: paddr=0x00010020 vaddr=0x3f400020 size=0x07da8 ( 32168) map
I (126) esp_image: segment 1: paddr=0x00017dd0 vaddr=0x3ffb0000 size=0x02194 (  8596) load
I (130) esp_image: segment 2: paddr=0x00019f6c vaddr=0x40080000 size=0x00404 (  1028) load
0x40080000: _WindowOverflow4 at C:/Users/david/esp/esp-idf/components/freertos/xtensa/xtensa_vectors.S:1730

I (134) esp_image: segment 3: paddr=0x0001a378 vaddr=0x40080404 size=0x05ca0 ( 23712) load
I (153) esp_image: segment 4: paddr=0x00020020 vaddr=0x400d0020 size=0x18b34 (101172) map
0x400d0020: _stext at ??:?

I (192) esp_image: segment 5: paddr=0x00038b5c vaddr=0x400860a4 size=0x04d30 ( 19760) load
0x400860a4: xTaskIncrementTick at C:/Users/david/esp/esp-idf/components/freertos/tasks.c:2494

I (207) boot: Loaded app from partition at offset 0x10000
I (207) boot: Disabling RNG early entropy source...
I (207) cpu_start: Pro cpu up.
I (211) cpu_start: Application information:
I (216) cpu_start: Project name:     sharky
I (221) cpu_start: App version:      0b64fbc-dirty
I (226) cpu_start: Compile time:     May 10 2021 10:42:20
I (232) cpu_start: ELF file SHA256:  df0f48ddacae0c35...
I (238) cpu_start: ESP-IDF:          v4.2-dirty
I (243) cpu_start: Starting app cpu, entry point is 0x400816ac
0x400816ac: call_start_cpu1 at C:/Users/david/esp/esp-idf/components/esp32/cpu_start.c:287

I (0) cpu_start: App cpu up.
I (254) heap_init: Initializing. RAM available for dynamic allocation:
I (261) heap_init: At 3FFAE6E0 len 00001920 (6 KiB): DRAM
I (267) heap_init: At 3FFB2A00 len 0002D600 (181 KiB): DRAM
I (273) heap_init: At 3FFE0440 len 00003AE0 (14 KiB): D/IRAM
I (279) heap_init: At 3FFE4350 len 0001BCB0 (111 KiB): D/IRAM
I (286) heap_init: At 4008ADD4 len 0001522C (84 KiB): IRAM
I (292) cpu_start: Pro cpu start user code
I (310) spi_flash: detected chip: generic
I (311) spi_flash: flash io: dio
I (311) cpu_start: Starting scheduler on PRO CPU.
I (0) cpu_start: Starting scheduler on APP CPU.